08-18 00:13:58.658 38380 A -----------------  log4z thread started!   ----------------------------
08-18 00:13:58.658 38380 A logger id=0 key=Main name=micont path=./micont/logs/ level=1 display=false
08-18 00:13:58.659 37432 I lyra-micont-env: SdkEnv::SdkEnv :15 SdkVer=4.1.292.10
08-18 00:14:18.854 37644 I lyra-micont-nw: NetworkingManagerImpl::SetNetworkingType :93 networking_types=130
08-18 00:14:18.855 54684 E lyra-micont-nw: SetNetworkingType::<lambda_630e3e3d3c721c67e67ede2fdf0e9bc6>::operator :461 proxy is nullptr
08-18 00:39:50.195 37644 I lyra-micont-nw: NetworkingManagerImpl::SetNetworkingType :93 networking_types=130
08-18 00:39:50.195 54684 E lyra-micont-nw: SetNetworkingType::<lambda_630e3e3d3c721c67e67ede2fdf0e9bc6>::operator :461 proxy is nullptr
08-18 00:40:04.886 37644 I lyra-micont-nw: NetworkingManagerImpl::SetNetworkingType :93 networking_types=130
08-18 00:40:04.886 54684 E lyra-micont-nw: SetNetworkingType::<lambda_630e3e3d3c721c67e67ede2fdf0e9bc6>::operator :461 proxy is nullptr
08-18 00:43:00.263 37644 I lyra-micont-nw: NetworkingManagerImpl::SetNetworkingType :93 networking_types=130
08-18 00:43:00.263 54684 E lyra-micont-nw: SetNetworkingType::<lambda_630e3e3d3c721c67e67ede2fdf0e9bc6>::operator :461 proxy is nullptr
08-18 00:44:09.113 37644 I lyra-micont-nw: NetworkingManagerImpl::SetNetworkingType :93 networking_types=130
08-18 00:44:09.113 54684 E lyra-micont-nw: SetNetworkingType::<lambda_630e3e3d3c721c67e67ede2fdf0e9bc6>::operator :461 proxy is nullptr
08-18 00:53:44.049 37644 I lyra-micont-nw: NetworkingManagerImpl::SetNetworkingType :93 networking_types=130
08-18 00:53:44.049 54684 E lyra-micont-nw: SetNetworkingType::<lambda_630e3e3d3c721c67e67ede2fdf0e9bc6>::operator :461 proxy is nullptr
08-18 01:20:41.870 37644 I lyra-micont-nw: NetworkingManagerImpl::SetNetworkingType :93 networking_types=130
08-18 01:20:41.870 54684 E lyra-micont-nw: SetNetworkingType::<lambda_630e3e3d3c721c67e67ede2fdf0e9bc6>::operator :461 proxy is nullptr
08-18 01:21:13.118 37644 I lyra-micont-nw: NetworkingManagerImpl::SetNetworkingType :93 networking_types=130
08-18 01:21:13.118 54684 E lyra-micont-nw: SetNetworkingType::<lambda_630e3e3d3c721c67e67ede2fdf0e9bc6>::operator :461 proxy is nullptr
08-18 01:21:17.725 37644 I lyra-micont-nw: NetworkingManagerImpl::SetNetworkingType :93 networking_types=130
08-18 01:21:17.725 54684 E lyra-micont-nw: SetNetworkingType::<lambda_630e3e3d3c721c67e67ede2fdf0e9bc6>::operator :461 proxy is nullptr
08-18 01:21:21.766 37644 I lyra-micont-nw: NetworkingManagerImpl::SetNetworkingType :93 networking_types=130
08-18 01:21:21.766 54684 E lyra-micont-nw: SetNetworkingType::<lambda_630e3e3d3c721c67e67ede2fdf0e9bc6>::operator :461 proxy is nullptr
08-18 01:21:25.213 37644 I lyra-micont-nw: NetworkingManagerImpl::SetNetworkingType :93 networking_types=130
08-18 01:21:25.213 54684 E lyra-micont-nw: SetNetworkingType::<lambda_630e3e3d3c721c67e67ede2fdf0e9bc6>::operator :461 proxy is nullptr
08-18 01:21:28.943 37644 I lyra-micont-nw: NetworkingManagerImpl::SetNetworkingType :93 networking_types=130
08-18 01:21:28.943 54684 E lyra-micont-nw: SetNetworkingType::<lambda_630e3e3d3c721c67e67ede2fdf0e9bc6>::operator :461 proxy is nullptr
08-18 01:21:32.259 37644 I lyra-micont-nw: NetworkingManagerImpl::SetNetworkingType :93 networking_types=130
08-18 01:21:32.259 54684 E lyra-micont-nw: SetNetworkingType::<lambda_630e3e3d3c721c67e67ede2fdf0e9bc6>::operator :461 proxy is nullptr
08-18 01:21:35.533 37644 I lyra-micont-nw: NetworkingManagerImpl::SetNetworkingType :93 networking_types=130
08-18 01:21:35.534 54684 E lyra-micont-nw: SetNetworkingType::<lambda_630e3e3d3c721c67e67ede2fdf0e9bc6>::operator :461 proxy is nullptr
08-18 01:28:29.179 37644 I lyra-micont-nw: NetworkingManagerImpl::SetNetworkingType :93 networking_types=130
08-18 01:28:29.180 54684 E lyra-micont-nw: SetNetworkingType::<lambda_630e3e3d3c721c67e67ede2fdf0e9bc6>::operator :461 proxy is nullptr
08-18 02:29:07.336 37644 I lyra-micont-nw: NetworkingManagerImpl::SetNetworkingType :93 networking_types=130
08-18 02:29:07.336 54684 E lyra-micont-nw: SetNetworkingType::<lambda_630e3e3d3c721c67e67ede2fdf0e9bc6>::operator :461 proxy is nullptr
08-18 02:32:40.456 37644 I lyra-micont-nw: NetworkingManagerImpl::SetNetworkingType :93 networking_types=130
08-18 02:32:40.456 54684 E lyra-micont-nw: SetNetworkingType::<lambda_630e3e3d3c721c67e67ede2fdf0e9bc6>::operator :461 proxy is nullptr
08-18 03:21:03.968 37644 I lyra-micont-nw: NetworkingManagerImpl::SetNetworkingType :93 networking_types=130
08-18 03:21:03.968 54684 E lyra-micont-nw: SetNetworkingType::<lambda_630e3e3d3c721c67e67ede2fdf0e9bc6>::operator :461 proxy is nullptr
08-18 08:27:27.682 37644 I lyra-micont-nw: NetworkingManagerImpl::SetNetworkingType :93 networking_types=130
08-18 08:27:27.682 54684 E lyra-micont-nw: SetNetworkingType::<lambda_630e3e3d3c721c67e67ede2fdf0e9bc6>::operator :461 proxy is nullptr
08-18 08:29:25.901 37644 I lyra-micont-nw: NetworkingManagerImpl::SetNetworkingType :93 networking_types=130
08-18 08:29:25.901 54684 E lyra-micont-nw: SetNetworkingType::<lambda_630e3e3d3c721c67e67ede2fdf0e9bc6>::operator :461 proxy is nullptr
08-18 09:03:31.310 37644 I lyra-micont-nw: NetworkingManagerImpl::SetNetworkingType :93 networking_types=130
08-18 09:03:31.311 54684 E lyra-micont-nw: SetNetworkingType::<lambda_630e3e3d3c721c67e67ede2fdf0e9bc6>::operator :461 proxy is nullptr
